// Jest Snapshot v1, https://goo.gl/fbAQLP

exports[`Pruebas a <GifItem/> tiene que hacer macth con el snapshot 1`] = `
<div>
  <div
    class="card"
  >
    <img
      alt="One Punch"
      src="https://one-punsh.com/saitama.jpg"
    />
    <p>
      One Punch
    </p>
  </div>
</div>
`;
